// Jest Snapshot v1, https://goo.gl/fbAQLP

exports[`BannerPromo renders correctly 1`] = `
<div
  className="sc-bdVaJa cSiefN"
>
  <div
    className="banner-text sc-bwzfXH iAXSkC"
  >
    Announcements!
  </div>
  <div
    className="banner-text sc-htpNat ggROMQ"
  >
    NEW SALE!!
  </div>
  <div
    className="sc-bxivhb dXIVKd"
  >
    <svg
      fill="currentColor"
      height={30}
      onClick={[Function]}
      size={30}
      stroke="currentColor"
      strokeWidth="0"
      style={
        Object {
          "color": undefined,
        }
      }
      viewBox="0 0 512 512"
      width={30}
    >
      <path
        d="M278.6 256l68.2-68.2c6.2-6.2 6.2-16.4 0-22.6-6.2-6.2-16.4-6.2-22.6 0L256 233.4l-68.2-68.2c-6.2-6.2-16.4-6.2-22.6 0-3.1 3.1-4.7 7.2-4.7 11.3 0 4.1 1.6 8.2 4.7 11.3l68.2 68.2-68.2 68.2c-3.1 3.1-4.7 7.2-4.7 11.3 0 4.1 1.6 8.2 4.7 11.3 6.2 6.2 16.4 6.2 22.6 0l68.2-68.2 68.2 68.2c6.2 6.2 16.4 6.2 22.6 0 6.2-6.2 6.2-16.4 0-22.6L278.6 256z"
      />
    </svg>
  </div>
   
</div>
`;
