// Jest Snapshot v1, https://goo.gl/fbAQLP

exports[`SearchModal renders correctly 1`] = `
<div
  className="sc-bdVaJa eOdnK"
>
  <div
    className="grayed-out"
    style={
      Object {
        "backgroundColor": "rgba(255, 255, 255, 0.9)",
        "bottom": 0,
        "display": "flex",
        "height": "100vh",
        "left": 0,
        "position": "fixed",
        "right": 0,
        "top": 0,
        "width": "100vw",
        "zIndex": 100000,
      }
    }
  >
    <div
      className="popup"
    >
      <div>
        <svg
          fill="currentColor"
          height="1em"
          id="close-button"
          onClick={[Function]}
          stroke="currentColor"
          strokeWidth="0"
          style={
            Object {
              "color": undefined,
            }
          }
          viewBox="0 0 512 512"
          width="1em"
        >
          <path
            d="M278.6 256l68.2-68.2c6.2-6.2 6.2-16.4 0-22.6-6.2-6.2-16.4-6.2-22.6 0L256 233.4l-68.2-68.2c-6.2-6.2-16.4-6.2-22.6 0-3.1 3.1-4.7 7.2-4.7 11.3 0 4.1 1.6 8.2 4.7 11.3l68.2 68.2-68.2 68.2c-3.1 3.1-4.7 7.2-4.7 11.3 0 4.1 1.6 8.2 4.7 11.3 6.2 6.2 16.4 6.2 22.6 0l68.2-68.2 68.2 68.2c6.2 6.2 16.4 6.2 22.6 0 6.2-6.2 6.2-16.4 0-22.6L278.6 256z"
          />
        </svg>
      </div>
      <div
        className="popupInner"
      >
        <form
          action="/catalog"
          id="search-form"
        >
          <div
            id="button-container"
          >
            <button
              id="search-button"
            >
              <img
                alt=""
                id="search-image"
              />
            </button>
          </div>
          <input
            autofocus="autofocus"
            name="search"
            onChange={[Function]}
            type="text"
          />
        </form>
        <div
          id="search-bar-text"
        >
          <p>
            What are you looking for?
          </p>
          <p>
            Product name, type, color (or anything)
          </p>
        </div>
      </div>
    </div>
  </div>
</div>
`;
